FAILED (errors=1)
